// Jest Snapshot v1, https://goo.gl/fbAQLP

exports[`renders correctly 1`] = `
Array [
  <div
    className="ui clearing segment messagesHeader"
  >
    <h3
      className="ui left floated header"
      fluid="true"
      style={
        Object {
          "paddingTop": "16px",
        }
      }
    >
      <span
        style={
          Object {
            "fontWeight": "bold",
          }
        }
      >
         
        
         
        <i
          aria-hidden="true"
          className="star outline icon iconColor"
          onClick={[Function]}
        />
      </span>
    </h3>
    <h3
      className="ui right floated center aligned header"
      fluid="true"
      style={
        Object {
          "paddingTop": "6px",
        }
      }
    >
      <span>
        <i
          aria-hidden="true"
          className="question circle icon iconColor"
          onBlur={[Function]}
          onClick={[Function]}
          onFocus={[Function]}
          onMouseEnter={[Function]}
          onMouseLeave={[Function]}
        />
          
            
        <div
          className="ui icon input"
          style={
            Object {
              "width": "170px",
            }
          }
        >
          <input
            name="searchTerm"
            onChange={[Function]}
            placeholder="search "
            type="text"
          />
          <i
            aria-hidden="true"
            className="search icon"
          />
        </div>
      </span>
    </h3>
  </div>,
  <div
    className="ui segment"
  >
    <div
      className="ui comments messages"
    >
      
      <div>
        <div
          className="ui two column grid"
        >
          <div
            className="row"
          >
            <div
              className="two wide column"
            >
              <span>
                <span
                  className="css-19bon8n react-loading-skeleton"
                  style={
                    Object {
                      "animation": "animation-16jpnkj 1.2s ease-in-out infinite",
                      "height": 40,
                      "width": 40,
                    }
                  }
                >
                  ‌
                </span>
              </span>
            </div>
            <div
              className="three wide column"
              style={
                Object {
                  "paddingLeft": -5,
                }
              }
            >
              <div
                className="row"
              >
                <span>
                  <span
                    className="css-19bon8n react-loading-skeleton"
                    style={
                      Object {
                        "animation": "animation-16jpnkj 1.2s ease-in-out infinite",
                      }
                    }
                  >
                    ‌
                  </span>
                </span>
              </div>
              <div
                className="row"
                style={
                  Object {
                    "paddingTop": 5,
                  }
                }
              >
                <span>
                  <span
                    className="css-19bon8n react-loading-skeleton"
                    style={
                      Object {
                        "animation": "animation-16jpnkj 1.2s ease-in-out infinite",
                        "height": 20,
                        "width": 250,
                      }
                    }
                  >
                    ‌
                  </span>
                </span>
              </div>
            </div>
          </div>
        </div>
      </div>
      <div>
        <div
          className="ui two column grid"
        >
          <div
            className="row"
          >
            <div
              className="two wide column"
            >
              <span>
                <span
                  className="css-19bon8n react-loading-skeleton"
                  style={
                    Object {
                      "animation": "animation-16jpnkj 1.2s ease-in-out infinite",
                      "height": 40,
                      "width": 40,
                    }
                  }
                >
                  ‌
                </span>
              </span>
            </div>
            <div
              className="three wide column"
              style={
                Object {
                  "paddingLeft": -5,
                }
              }
            >
              <div
                className="row"
              >
                <span>
                  <span
                    className="css-19bon8n react-loading-skeleton"
                    style={
                      Object {
                        "animation": "animation-16jpnkj 1.2s ease-in-out infinite",
                      }
                    }
                  >
                    ‌
                  </span>
                </span>
              </div>
              <div
                className="row"
                style={
                  Object {
                    "paddingTop": 5,
                  }
                }
              >
                <span>
                  <span
                    className="css-19bon8n react-loading-skeleton"
                    style={
                      Object {
                        "animation": "animation-16jpnkj 1.2s ease-in-out infinite",
                        "height": 20,
                        "width": 250,
                      }
                    }
                  >
                    ‌
                  </span>
                </span>
              </div>
            </div>
          </div>
        </div>
      </div>
      <div>
        <div
          className="ui two column grid"
        >
          <div
            className="row"
          >
            <div
              className="two wide column"
            >
              <span>
                <span
                  className="css-19bon8n react-loading-skeleton"
                  style={
                    Object {
                      "animation": "animation-16jpnkj 1.2s ease-in-out infinite",
                      "height": 40,
                      "width": 40,
                    }
                  }
                >
                  ‌
                </span>
              </span>
            </div>
            <div
              className="three wide column"
              style={
                Object {
                  "paddingLeft": -5,
                }
              }
            >
              <div
                className="row"
              >
                <span>
                  <span
                    className="css-19bon8n react-loading-skeleton"
                    style={
                      Object {
                        "animation": "animation-16jpnkj 1.2s ease-in-out infinite",
                      }
                    }
                  >
                    ‌
                  </span>
                </span>
              </div>
              <div
                className="row"
                style={
                  Object {
                    "paddingTop": 5,
                  }
                }
              >
                <span>
                  <span
                    className="css-19bon8n react-loading-skeleton"
                    style={
                      Object {
                        "animation": "animation-16jpnkj 1.2s ease-in-out infinite",
                        "height": 20,
                        "width": 250,
                      }
                    }
                  >
                    ‌
                  </span>
                </span>
              </div>
            </div>
          </div>
        </div>
      </div>
      <div>
        <div
          className="ui two column grid"
        >
          <div
            className="row"
          >
            <div
              className="two wide column"
            >
              <span>
                <span
                  className="css-19bon8n react-loading-skeleton"
                  style={
                    Object {
                      "animation": "animation-16jpnkj 1.2s ease-in-out infinite",
                      "height": 40,
                      "width": 40,
                    }
                  }
                >
                  ‌
                </span>
              </span>
            </div>
            <div
              className="three wide column"
              style={
                Object {
                  "paddingLeft": -5,
                }
              }
            >
              <div
                className="row"
              >
                <span>
                  <span
                    className="css-19bon8n react-loading-skeleton"
                    style={
                      Object {
                        "animation": "animation-16jpnkj 1.2s ease-in-out infinite",
                      }
                    }
                  >
                    ‌
                  </span>
                </span>
              </div>
              <div
                className="row"
                style={
                  Object {
                    "paddingTop": 5,
                  }
                }
              >
                <span>
                  <span
                    className="css-19bon8n react-loading-skeleton"
                    style={
                      Object {
                        "animation": "animation-16jpnkj 1.2s ease-in-out infinite",
                        "height": 20,
                        "width": 250,
                      }
                    }
                  >
                    ‌
                  </span>
                </span>
              </div>
            </div>
          </div>
        </div>
      </div>
      
       
      
      
      
      
      <div />
    </div>
  </div>,
  <div
    className="ui segment messageForm"
  >
    
     
    <div
      className="ui fluid input"
      style={
        Object {
          "marginBottom": "0.7 em",
        }
      }
    >
      <button
        className="ui grey small icon button"
        onClick={[Function]}
        role="button"
      >
        <i
          aria-hidden="true"
          className="upload icon"
        />
      </button>
      <button
        className="ui grey small icon button"
        onClick={[Function]}
        role="button"
      >
        <i
          aria-hidden="true"
          className="smile outline icon"
        />
      </button>
      <input
        autoFocus={true}
        name="message"
        onChange={[Function]}
        onInput={[Function]}
        onKeyDown={[Function]}
        placeholder="Write your message"
        type="text"
        value=""
      />
      <button
        className="ui grey small icon button"
        onClick={[Function]}
        role="button"
      >
        <i
          aria-hidden="true"
          className="arrow alternate circle right outline icon"
        />
      </button>
    </div>
    
  </div>,
]
`;
